┌─ changes vs HEAD ───────┬─ README.md ────────────────────────────────────────────────────────────┐
│ ▾ src/                  │   1   # Demo                                                           │
│   ▾ api/                │   2                                                                    │
│       parse.py        M │   3   hello                                                            │
│     new.py            ? │                                                                        │
│                         │                                                                        │
│                         │                                                                        │
│                         │┌─ Compare against ──────────────────────────┐                          │
│                         ││ ▸ 1  uncommitted                           │                          │
│                         ││   2  default branch                        │                          │
│                         ││   3  previous commit                       │                          │
│                         │├────────────────────────────────────────────┤                          │
│                         ││ lists changes, marks the gutter · ↵ · esc  │                          │
│                         │└────────────────────────────────────────────┘                          │
│                         │                                                                        │
│                         │                                                                        │
│                         │                                                                        │
│                         │                                                                        │
│                         │                                                                        │
│                         │                                                                        │
│                         │                                                                        │
│                         │                                                                        │
│                         │                                                                        │
│                         │                                                                        │
│                         │                                                                        │
│                         │                                                                        │
│                         │                                                                        │
├─────────────────────────┴────────────────────────────────────────────────────────────────────────┤
│ l open · h collapse · t files/changes · b compare · Tab viewer · C-p files · ? help              │
└──────────────────────────────────────────────────────────────────────────────────────────────────┘