┌─ files ─────────────────┬─ README.md ────────────────────────────────────────────────────────────┐
│ ▸ docs/                 │   1   # Demo                                                           │
│ ▸ src/                  │   2                                                                    │
│ ▸ t┌─ Open comments ────────────────────────────────────────────────────────────────────────┐    │
│   R│ > ▏                                                                                    │    │
│    ├────────────────────────────────────────────────────────────────────────────────────────┤    │
│    │ ▸ r1    src/api/parse.py:5-8  extract this branch into parse_x()                       │    │
│    │   r2    src/api/parse.py:12   typo                                                     │    │
│    │                                                                                        │    │
│    │                                                                                        │    │
│    │                                                                                        │    │
│    │                                                                                        │    │
│    │                                                                                        │    │
│    │                                                                                        │    │
│    │                                                                                        │    │
│    │                                                                                        │    │
│    │                                                                                        │    │
│    │                                                                                        │    │
│    │                                                                                        │    │
│    │                                                                                        │    │
│    │                                                                                        │    │
│    ├────────────────────────────────────────────────────────────────────────────────────────┤    │
│    │ 2/2                                                             ↵ open · C-n/C-p · esc │    │
│    └────────────────────────────────────────────────────────────────────────────────────────┘    │
│                         │                                                                        │
│                         │                                                                        │
│                         │                                                                        │
├─────────────────────────┴────────────────────────────────────────────────────────────────────────┤
│ ⎇ main · clean                                                                            ? help │
└──────────────────────────────────────────────────────────────────────────────────────────────────┘