┌─ files ─────────────────┬─ .gitignore ───────────────────────────────────────────────────────────┐
│ ▸ docs/                 │   1   node_modules/                                                    │
│ ▸ src/                  │                                                                        │
│ ▸ t┌─ Uncommitted changes ──────────────────────────────────────────────────────────────────┐    │
│   .│ > ▏                                                                                    │    │
│   R├────────────────────────────────────────────────────────────────────────────────────────┤    │
│    │ ▸ src/api/parse.py:2  +1 -0                                                            │    │
│    │   src/api/parse.py:6  +1 -1                                                            │    │
│    │   src/api/parse.py:9  +0 -4                                                            │    │
│    │   src/new.py:1-2      +2 -0                                                            │    │
│    │   src/util.py:2       +1 -1                                                            │    │
│    │                                                                                        │    │
│    │                                                                                        │    │
│    │                                                                                        │    │
│    │                                                                                        │    │
│    │                                                                                        │    │
│    │                                                                                        │    │
│    │                                                                                        │    │
│    │                                                                                        │    │
│    │                                                                                        │    │
│    │                                                                                        │    │
│    ├────────────────────────────────────────────────────────────────────────────────────────┤    │
│    │ 5/5                                                             ↵ open · C-n/C-p · esc │    │
│    └────────────────────────────────────────────────────────────────────────────────────────┘    │
│                         │                                                                        │
│                         │                                                                        │
│                         │                                                                        │
├─────────────────────────┴────────────────────────────────────────────────────────────────────────┤
│ V select · c comment · C-p files · C-l comments · s submit · ? help                              │
└──────────────────────────────────────────────────────────────────────────────────────────────────┘