┌─ files ─────────────────┬─ src/api/parse.py ─────────────────────────────────────────────────────┐
│ ▸ docs/                 │   1   import parse                                                     │
│ ▾ src/                  │   2                                                                    │
│   ▾ api/                │   3                                                                    │
│       parse.py      💬2 │   4   def handle(req):                                                 │
│     util.py             │   5 ╭     if req.kind == "x":                                          │
│ ▸ test/                 │   6 │         body = req.body                                          │
│   README.md             │   7 │         return parse(body)                                       │
│                         │   8 ╰     return default(req)                                          │
│                         │   9                                                                    │
│                         │  10                                                                    │
│                         │  11   def default(req):                                                │
│                         │  12 ●     return None                                                  │
│                         │                                                                        │
│                         │                                                                        │
│                         │                                                                        │
│                         │                                                                        │
│                         │                                                                        │
│                         │                                                                        │
│                         │                                                                        │
│                         │                                                                        │
│                         │                                                                        │
│                         │                                                                        │
│                         │                                                                        │
│                         │                                                                        │
│                         │                                                                        │
│                         │                                                                        │
├─────────────────────────┴────────────────────────────────────────────────────────────────────────┤
│ r1 · 5-8 · @gustavo   extract this branch into parse_x()                                         │
└──────────────────────────────────────────────────────────────────────────────────────────────────┘