┌─ files ─────────────────┬─ src/api/parse.py ─────────────────────────────────────────────────────┐
│ ▸ docs/                 │   1   import parse                                                     │
│ ▾ src/                  │+  2   import json                                                      │
│   ▾ api/                │   3                                                                    │
│       parse.py          │   4                                                                    │
│     new.py              │   5   def handle(req):                                                 │
│     util.py             │~  6       if req.kind == "y":                                          │
│ ▸ test/                 │   7           body = req.body                                          │
│   .gitignore            │   8           return parse(body)                                       │
│   README.md             │_  9       return default(req)                                          │
│                         │                                                                        │
│                         │                                                                        │
│                         │                                                                        │
│                         │                                                                        │
│                         │                                                                        │
│                         │                                                                        │
│                         │                                                                        │
│                         │                                                                        │
│                         │                                                                        │
│                         │                                                                        │
│                         │                                                                        │
│                         │                                                                        │
│                         │                                                                        │
│                         │                                                                        │
│                         │                                                                        │
│                         │                                                                        │
│                         │                                                                        │
├─────────────────────────┴────────────────────────────────────────────────────────────────────────┤
│ change 2/3 · 6 · +1 -1 · ]h next · [h previous · C-g all changes                                 │
└──────────────────────────────────────────────────────────────────────────────────────────────────┘