┌─ files ─────────────────┬─ src/api/parse.py ─────────────────────────────────────────────────────┐
│ ▸ docs/                 │▔  1   import parse                                                     │
│ ▸ node_modules/         │   2                                                                    │
│ ▾ src/                  │   3                                                                    │
│   ▾ api/                │   4   def handle(req):                                                 │
│       parse.py          │▎  5       if req.kind == "y":                                          │
│     new.py              │   6           body = req.body                                          │
│     util.py             │▎  7           log(body)                                                │
│ ▸ test/                 │▁  8           return parse(body)                                       │
│   README.md             │   9                                                                    │
│                         │  10                                                                    │
│                         │  11   def default(req):                                                │
│                         │  12       return None                                                  │
│                         │                                                                        │
│                         │                                                                        │
│                         │                                                                        │
│                         │                                                                        │
│                         │                                                                        │
│                         │                                                                        │
│                         │                                                                        │
│                         │                                                                        │
│                         │                                                                        │
│                         │                                                                        │
│                         │                                                                        │
│                         │                                                                        │
│                         │                                                                        │
│                         │                                                                        │
├─────────────────────────┴────────────────────────────────────────────────────────────────────────┤
│ V select · c comment · C-p files · C-l comments · s submit · ? help                              │
└──────────────────────────────────────────────────────────────────────────────────────────────────┘