┌─ files ─────────────────┬─ README.md ────────────────────────────────────────────────────────────┐
│ ▸ docs/                 │   1   # Demo                                                           │
│ ▸ src/                  │   2                                                                    │
│ ▸ t┌─ Go to file ───────────────────────────────────────────────────────────────────────────┐    │
│   R│ > apipar▏                                                                              │    │
│    ├────────────────────────────────────────────────────────────────────────────────────────┤    │
│    │ ▸ src/api/parse.py                                                                 💬2 │    │
│    │   test/api/api_parser_test.go                                                          │    │
│    │   docs/api/papers.md                                                                   │    │
│    │                                                                                        │    │
│    │                                                                                        │    │
│    │                                                                                        │    │
│    │                                                                                        │    │
│    │                                                                                        │    │
│    │                                                                                        │    │
│    │                                                                                        │    │
│    │                                                                                        │    │
│    │                                                                                        │    │
│    │                                                                                        │    │
│    │                                                                                        │    │
│    │                                                                                        │    │
│    ├────────────────────────────────────────────────────────────────────────────────────────┤    │
│    │ 3/5                                                             ↵ open · C-n/C-p · esc │    │
│    └────────────────────────────────────────────────────────────────────────────────────────┘    │
│                         │                                                                        │
│                         │                                                                        │
│                         │                                                                        │
├─────────────────────────┴────────────────────────────────────────────────────────────────────────┤
│ ⎇ main · clean                                                                            ? help │
└──────────────────────────────────────────────────────────────────────────────────────────────────┘